
 Start  Stop   Length Name               Class

 00000H 00D10H 00D11H SFmail             CODE
 00D20H 02075H 01356H sf_init            CODE
 02080H 020A9H 0002AH ANSW               CODE
 020B0H 020D9H 0002AH Call               CODE
 020E0H 02109H 0002AH ChgMaddr           CODE
 02110H 02134H 00025H Emsi               CODE
 02140H 02169H 0002AH Session            CODE
 02170H 02194H 00025H Sf_Shell           CODE
 021A0H 021C9H 0002AH aQM                CODE
 021D0H 021F4H 00025H help               CODE
 02200H 02224H 00025H HisView            CODE
 02230H 02254H 00025H Sf_Fax             CODE
 02260H 02289H 0002AH SfM_Dlg            CODE
 02290H 022B4H 00025H aDE                CODE
 022C0H 022C0H 00000H aDE_Strc           CODE
 022C0H 02899H 005DAH ExitPrg            CODE
 028A0H 028CEH 0002FH debug              CODE
 028D0H 028F4H 00025H Sf_Dbg             CODE
 02900H 0292EH 0002FH Hydra              CODE
 02930H 0296DH 0003EH HShow              CODE
 02970H 02F5AH 005EBH SubstMan           CODE
 02F60H 02FA2H 00043H writelog           CODE
 02FB0H 02FE3H 00034H FReqMan            CODE
 02FF0H 0308CH 0009DH EM_Cpl             CODE
 03090H 030BEH 0002FH StatView           CODE
 030C0H 030E9H 0002AH face               CODE
 030F0H 03114H 00025H keyread            CODE
 03120H 03153H 00034H CryptLib           CODE
 03160H 03184H 00025H Cfg_Read           CODE
 03190H 031CDH 0003EH ProcMan            CODE
 031D0H 0499BH 017CCH SwapR              CODE
 049A0H 049FBH 0005CH Swaper             CODE
 04A00H 04A00H 00000H Strings            CODE
 04A00H 04A24H 00025H Script             CODE
 04A30H 04A59H 0002AH terminal           CODE
 04A60H 04AA7H 00048H ZModem             CODE
 04AB0H 04B1FH 00070H Show               CODE
 04B20H 04B58H 00039H SessCtl            CODE
 04B60H 04B84H 00025H ERP                CODE
 04B90H 04BB4H 00025H UnPkt              CODE
 04BC0H 04D16H 00157H ShowF              CODE
 04D20H 04D44H 00025H NEs                CODE
 04D50H 04D83H 00034H EdLn               CODE
 04D90H 04DB4H 00025H Sf_Pick            CODE
 04DC0H 04DF8H 00039H aDir               CODE
 04E00H 04FF5H 001F6H Sf_Snd             CODE
 05000H 07D13H 02D14H EventMan           CODE
 07D20H 07D5DH 0003EH Sf_Bink            CODE
 07D60H 07D84H 00025H Sf_Lc              CODE
 07D90H 07E11H 00082H Code               CODE
 07E20H 07EA5H 00086H Fonts              CODE
 07EB0H 07EE3H 00034H SfM_Cfg            CODE
 07EF0H 07F28H 00039H Sf_Track           CODE
 07F30H 07F8EH 0005FH TPAsciiz           CODE
 07F90H 07FD7H 00048H FbMan              CODE
 07FE0H 0800EH 0002FH SM_Cpl             CODE
 08010H 0903EH 0102FH a002xs             CODE
 09040H 09082H 00043H Busy               CODE
 09090H 090B9H 0002AH HM                 CODE
 090C0H 090F8H 00039H EmStruct           CODE
 09100H 0987CH 0077DH modem              CODE
 09880H 098A4H 00025H Error              CODE
 098B0H 099DBH 0012CH keyb               CODE
 099E0H 09D9FH 003C0H ScrnSS             CODE
 09DA0H 0A294H 004F5H Date               CODE
 0A2A0H 0DD06H 03A67H MsgXS              CODE
 0DD10H 0DD66H 00057H MBman              CODE
 0DD70H 0DDB2H 00043H pwd_xs             CODE
 0DDC0H 0DE2FH 00070H FileMan            CODE
 0DE30H 0DE77H 00048H UnixTime           CODE
 0DE80H 0EDE7H 00F68H aTime              CODE
 0EDF0H 0F161H 00372H adLang             CODE
 0F170H 0F1ADH 0003EH Flags              CODE
 0F1B0H 1130EH 0215FH Fos_Lib            CODE
 11310H 121B6H 00EA7H RelTQ              CODE
 121C0H 12414H 00255H TpDos              CODE
 12420H 1381DH 013FEH TString_           CODE
 13820H 13A6DH 0024EH OverXMS            CODE
 13A70H 13A70H 00000H SFInclud           CODE
 13A70H 13A8AH 0001BH Config             CODE
 13A90H 13AC3H 00034H TPWindow           CODE
 13AD0H 152A2H 017D3H TPCrt              CODE
 152B0H 1534DH 0009EH TpMemChk           CODE
 15350H 15350H 00000H TpInline           CODE
 15350H 156AFH 00360H Dos                CODE
 156B0H 15D0FH 00660H CRC_All            CODE
 15D10H 15D8EH 0007FH Ovr_Init           CODE
 15D90H 164D2H 00743H Overlay            CODE
 164E0H 1828FH 01DB0H System             CODE
 18290H 2107BH 08DECH DATA               DATA
 21080H 2907FH 08000H STACK              STACK
 29080H 29080H 00000H HEAP               HEAP

  Address         Publics by Value

 0000:0000       @
 0000:0056       Swap
 00D2:05A1       ReDrawScreen
 00D2:0678       Init
 00D2:0DFA       Done
 00D2:0EBD       ReadFullCfg
 00D2:11AA       Run
 0208:0963       Answer
 0208:11BB       wait
 020B:000E       ContinueEvent
 020B:00F5       CallNode
 020E:00E0       ChangeMainAddr
 0211:2230       EmsiHandshake
 0211:2AC2       CheckAddr
 0211:2BC3       FTN_Session
 0214:0BBE       Hydra_Session
 0214:0D79       Mail_Session
 0217:3B77       CommandCom
 021A:0BDF       QueueManager
 021D:006A       Draw_Help
 0220:050E       ViewHistory
 0223:2E33       ReceiveFax
 0226:0828       AttachFiles
 0229:19C2       Dialog_Exec
 022C:0196       MyExit
 028A:0096       WriteDebug
 028A:0460       Draw_Debug
 028A:0B94       Show_Stati
 028D:005A       ShowOurFiles
 0290:3663       H_Session
 0290:50A2       Hydra_Init
 0290:52B9       Hydra_DeInit
 0293:0197       HydraFace
 0293:0B33       HShowFileName
 0293:0CD4       HClearFileName
 0293:106B       HShowFilePos
 0293:163D       HComplete
 0293:1878       ShowTransfer
 0297:0001       MatchSubstFtime
 0297:00AE       SubstNodeEntry
 02F6:0014       OpenLogFile
 02F6:00E2       LogWrite
 02F6:0734       WriteLogHead
 02F6:0831       CloseLogFile
 02F6:09AD       ModemScrollDown
 02F6:0C87       ModemScrollUp
 02F6:0FEC       ModemLogScreen
 02FB:1609       FReqMan_Begin
 02FB:1A67       FReqMan_PostSent
 02FB:2566       FReqMan_End
 02FB:32DD       GenerateMsg
 02FF:0004       AddrTo32
 02FF:0207       _32toAddr
 02FF:045E       Check4Lamps
 02FF:05E9       MatchEvRoFtime
 02FF:0808       UnSqueze_Que
 02FF:0840       Squeze_Que
 02FF:08C0       KillEmptyQue
 02FF:096F       AddHIP
 02FF:0A09       AddQueue
 02FF:0BC9       CorrectHIP
 02FF:0CD0       FindHIP4addr
 02FF:0D33       CheckHIP
 02FF:0D88       FindAddrInQueue
 02FF:0DEB       SaveEvent
 02FF:0ED3       SaveQueue
 02FF:103C       SaveRoute
 02FF:113F       ErasePacket
 02FF:17D2       EraseQueue
 02FF:180B       DelQueue
 02FF:1A6E       CheckRepackSem
 02FF:2025       CloseEventMan
 02FF:274F       MapRoute
 02FF:28F9       MapEvents
 02FF:2A2F       ParseEventStr
 02FF:2B86       InitEventMan
 02FF:2EEA       DoDrop
 02FF:2F4F       MatchCfgFtime
 02FF:30FA       ReadNamedPoll
 0309:000B       OpenHistory
 0309:00ED       ShowHistory
 0309:03E3       WriteHist
 030C:004C       DrawUpLine
 030C:036B       Draw_Face
 030F:0030       ReadSN
 0312:009A       Des_Crypt_CBC_Block
 0312:00EC       Des_DeCrypt_CBC_Block
 0312:0152       Des_Crypt_ECB
 0312:02DA       Des_Crypt_ECB_Block
 0312:0777       DesInit
 0312:0818       DesDeInit
 0312:0828       MD5Digest
 0312:085C       MD5Init
 0312:08A6       MD5Update
 0312:09D0       MD5Final
 0316:001F       Read_Config
 0319:0000       ProcMan_Done
 0319:08BE       ProcMan_Init
 0319:0B34       ProcMan_Req4act
 0319:0DFB       CheckUserSem
 0319:1037       ProcMan_UserMenu
 031D:0329       Swap_Run
 049A:0000       aSwap
 04A0:01FB       DoScript
 04A3:0ADB       Dial
 04A3:308A       RunTerminal
 04A6:1141       Synchronize
 04A6:1391       SendZEnd
 04A6:221D       ZModemSend
 04A6:3684       ZModemReceive
 04A6:398C       ZModemBegin
 04A6:3B3C       ZModemEnd
 04AB:000A       FullInfo
 04AB:0225       AKAInfo
 04AB:070B       SessionFace
 04AB:1433       ShowFileTime
 04AB:168E       ShowFileName
 04AB:1A87       Calc_CPS
 04AB:2066       ClearFileName
 04AB:22E5       EndFile
 04AB:2419       TermEndFile
 04AB:2578       FaxFace
 04AB:288C       ShowFaxState
 04AB:2943       ShowRemote
 04AB:29A3       ShowFaxSpeed
 04AB:2A08       ShowFaxRes
 04AB:2AB7       ShowFaxFile
 04AB:2B0A       ShowFaxPage
 04AB:2B42       ShowFaxSize
 04B2:0994       BeginSession
 04B2:11AB       EndFirstBatch
 04B2:1858       SendThisFile
 04B2:1CDE       EndSession
 04B2:2517       RecvThisFile
 04B6:0003       ERP_Call
 04B9:0520       UnPackPkt
 04BC:000C       ShowBytes
 04D2:04CF       NodEshow
 04D5:0709       InputLine
 04D5:0CED       SaveHistoryList
 04D5:0DEC       LoadHistoryList
 04D9:02A2       PickBar
 04DC:036B       InitSequence
 04DC:03BA       NextMarkedFile
 04DC:043A       GetCurrent
 04DC:08EF       Pane_Done
 04DC:1B9E       Pane_Process
 04E0:01CA       PlaySound
 0500:0008       vInShortBest
 0500:0115       vInBestForm
 0500:14C0       FindRouteRule
 0500:18A2       RePackMail
 0500:1DFB       CheckForEvent
 0500:246C       GeneratePoll
 0500:2528       DoEvent
 0500:28D8       CanCallNode
 0500:2B5B       NextQueue
 0500:2C5F       @
 07D2:0009       GenerateBinkPoll
 07D2:01D1       GenerateBinkFReq
 07D2:0478       GenerateBinkAttch
 07D2:0674       FromBinkOutbound
 07D2:19DB       ScanOutbound
 07D2:1D25       ScanNamedPolls
 07D6:0393       Cut_Log
 07D9:0000       ChangeChar
 07D9:001B       Init30Lines
 07E2:0045       LoadCharset
 07EB:054C       PrepareLine
 07EB:0667       WhatOs
 07EB:15A4       ParseSingleWord
 07EB:2E38       CheckLineAndOs
 07EB:319A       CompileConfig
 07EF:009E       DisposeTrackDat
 07EF:00FF       LinkTrackDat
 07EF:0194       WriteTrackDat
 07EF:01FC       ReadTrackDat
 07EF:02C3       AddTrackDat
 07EF:1088       TrackMsg
 07F3:0000       Asc2Str
 07F9:021C       Insert2sntLog
 07F9:06E4       ScanFileBoxes
 07F9:0755       FromFileBox
 07F9:0871       AddBroadCast
 07F9:0975       BroadCastFile
 07F9:0A80       DisposeBroadCast
 07F9:0ADF       ReadBroadCast
 07F9:0B39       WriteBroadCast
 07FE:0008       ChangeDOW
 07FE:00E8       DisposeSubstList
 07FE:0DB8       LoadSubstList
 0801:0000       CvtZMode
 0801:006E       ReplaceCh
 0801:00EF       Nflag2str
 0801:01B9       GetNodeStatus
 0801:024E       DisposeNodeIdx
 0801:02F3       InitNodeIdx
 0801:065D       ReOpenNodeIdx
 0801:0724       CloseNodeIdx
 0801:0841       Str2NodeFlag
 0801:0E88       FindNodeEntry
 0801:101E       @
 0904:0010       KillEmptyDir
 0904:00C2       AddressBusy
 0904:01CE       CSYBusy
 0904:02DF       SetBusy
 0904:03B6       SetCSY
 0904:048D       ClearCSY
 0904:072E       ClearBusy
 0909:0000       HexOne
 0909:0047       Hex2Byte
 0909:00C8       Hex2Word
 090C:000C       WriteHistory
 090C:02A7       WaitMsg
 090C:02D0       NamedPoll2str
 090C:035C       Str2NamedPoll
 090C:03F3       ReadScanCode
 0910:004B       InitCom
 0910:00D1       KillCD
 0910:0164       DTRCheck
 0910:0320       InitModem
 0910:04FD       WriteStatistic
 0910:064C       refresh
 0910:071C       AskExit
 0988:0000       ErrorMessage
 098B:00C0       InitInt9
 098B:00F9       RestoreInt9
 099E:0000       ScreenSaver
 099E:0280       RefreshScreen
 099E:037A       RestScreen
 09DA:0073       GetDate_Time
 09DA:01D5       ShowTime
 09DA:022A       StoreSessTime
 09DA:0271       ClearSessTime
 09DA:02C1       ShowSessTime
 09DA:03F2       ShowScanTime
 09DA:047C       ShowDialTime
 0A2A:0000       MinWord
 0A2A:002B       TextWrite
 0A2A:0163       ClrBit4msg
 0A2A:0228       CreateMsgTimeStamp
 0A2A:0327       Str2addr
 0A2A:04DE       NewMsgNum
 0A2A:05C8       DisposeMessage
 0A2A:0625       DisposeBufs
 0A2A:0677       A2S
 0A2A:06C8       WhatKludge
 0A2A:0734       ChangeLastMsgLn
 0A2A:0C19       ReadMessage
 0A2A:1057       GetNextMsg
 0A2A:1107       ReInitFolder
 0A2A:12AE       InitFolder
 0A2A:13D0       MsgDateStamp
 0A2A:151C       WriteMessage
 0A2A:15F2       WriteMsgHeader
 0A2A:198F       MsgAttrs2str
 0A2A:1B8B       ChangeMsgAttr
 0A2A:1BC1       Date2str
 0A2A:1C66       Time2str
 0A2A:1D21       DT2str
 0A2A:1D76       xAddr2str
 0A2A:1E11       Addr2str
 0A2A:1F7E       ExpandAddrMacro
 0A2A:21C0       SplitAddr
 0A2A:25D2       MatchAddrList
 0A2A:2915       SetDefaultAddr
 0A2A:2A6B       xStr2addr
 0A2A:2B25       MatchAkA
 0A2A:2C34       MsgForUs
 0A2A:2CF2       Path4addr
 0A2A:2E7E       CreatePkt
 0A2A:3418       AddMsg2Pkt
 0A2A:39B3       MsgXs_Done
 0A2A:3A34       @
 0DD1:0000       DisposeMailBoxes
 0DD1:0067       AddMailBox
 0DD1:0155       ReadMailBoxes
 0DD1:0209       WriteMailBoxes
 0DD1:05E8       ManageMailBoxes
 0DD1:06D5       Forward2mailBox
 0DD1:0A4D       AddRobotName
 0DD1:0B31       DisposeRobotNames
 0DD1:0B83       ReadRobotNames
 0DD1:0BD6       WriteRobotNames
 0DD1:0C3D       IsRobotName
 0DD7:0022       Read_Pwd
 0DD7:02CB       CheckPassword
 0DD7:0340       GetPassword
 0DD7:03C7       GetMailPassword
 0DD7:044E       ComparePassword
 0DD7:0516       Clear_Pwd
 0DD7:055D       MatchPwdFtime
 0DDC:013D       OpenFile
 0DDC:01F4       MakeFile
 0DDC:02C9       CloseFile
 0DDC:02FF       SeekFile
 0DDC:033B       ReadFile
 0DDC:03B8       WriteFile
 0DDC:0434       FindFile
 0DDC:04B7       SetFileTime
 0DDC:04F7       ClearFileAttr
 0DDC:0511       RenameFile
 0DDC:05D9       RenNextFile
 0DDC:06D7       CRC32File
 0DDC:07D5       CommitFile
 0DDC:07F4       TruncPathName
 0DDC:08DB       CheckPkt
 0DDC:09A2       ExistDir
 0DDC:0A19       MkAllDir
 0DDC:0BC4       VirtualDiskFree
 0DDC:0C06       CvtLongName
 0DE3:0292       Date2Unix
 0DE3:03C2       Date2UnixHex
 0DE3:0480       Dos2unix
 0DE3:0525       Now2UnixHex
 0DE3:0594       Unix2Date
 0DE3:070C       Unix2DateHex
 0DE3:0855       Unix2dos
 0DE3:0934       Unix2NormalDate
 0DE3:0A32       Long2FullDate
 0DE8:0000       IsLeapYear
 0DE8:0056       DaysInMonth
 0DE8:00CD       DayNumber
 0DE8:011F       CurTime
 0DE8:0155       CurUnixTime
 0DE8:0185       CurTimeSec
 0DE8:01EA       UTCstr
 0DE8:0290       CreateDosTimeStamp
 0DE8:02E5       Time2str
 0DE8:0367       FullTime2str
 0DE8:03EC       FullDate2Str
 0DE8:04BD       TimeInc
 0DE8:04FA       Str2Time
 0DE8:05DA       Str2timePeriod
 0DE8:087C       Txy2TimePeriod
 0DE8:0968       TimePeriod2str
 0DE8:0B37       MatchTimePeriod
 0DE8:0B80       MatchTimeArray
 0DE8:0C0A       Str2TimeArray
 0DE8:0D15       OHstr2timeArray
 0DE8:0E97       TodayDate
 0DE8:0EEF       WhatMonth
 0EDF:0021       Language_Init
 0EDF:014B       Language_Done
 0EDF:01A8       TranslateStr
 0F17:0000       CreateFlag
 0F17:006A       DeleteFlag
 0F17:00D3       CreateSemaphore
 0F17:0139       CheckSemaphore
 0F17:01A6       EraseSemaphore
 0F17:020E       AlienSemaphore
 0F1B:0000       Pause
 0F1B:0071       FullInit
 0F1B:0260       ReInit
 0F1B:034C       WriteString
 0F1B:041E       WriteStringCR
 0F1B:04BF       SendStr
 0F1B:052D       FullClose
 0F1B:0553       TempClose
 0F1B:0575       ReadWait
 0F1B:0603       WaitTimeChar
 0F1B:06A1       ReadString
 0F1B:0717       BuffInfo
 0F1B:07B9       InitFLib
 0F1B:09BE       OpenChanel
 0F1B:0A81       CloseChanel
 0F1B:0B26       EndWork
 0F1B:0B3A       InitPort
 0F1B:0B8D       SetPort
 0F1B:0BFC       ChangeSpeed
 0F1B:0C57       ChangeDTR
 0F1B:0CAB       ToggleDTR
 0F1B:0CEF       PulseDTR
 0F1B:0D57       ReceiveCtrl
 0F1B:0DC6       SendBreak
 0F1B:0E3A       XXPass
 0F1B:0EB1       WatchDCD
 0F1B:0F7A       ChangeChanelPort
 0F1B:0FFC       WriteBlock
 0F1B:1061       ReadBlock
 0F1B:10C6       ReadChar
 0F1B:1134       WriteChar
 0F1B:1196       PeekChar
 0F1B:11EC       WaitChar
 0F1B:125D       WriteWaitChar
 0F1B:12D0       SendString
 0F1B:135D       ClearTxQueue
 0F1B:13A6       ClearRxQueue
 0F1B:13EF       GetPortStat
 0F1B:146C       GetXtendPortStat
 0F1B:14CD       GetContextStr
 0F1B:1528       GetAsyncInfo
 0F1B:159C       GetChanelInfo
 0F1B:15EC       GetPortInfo
 0F1B:164B       DoPause
 0F1B:1676       Suspend
 0F1B:167A       Resume
 0F1B:16AC       ChangeTimeOut
 0F1B:1FC6       DeleteAESClient
 0F1B:200E       CreateAlarmSem
 0F1B:2077       CreateESR
 0F1B:20D6       CreateRepESR
 1131:0158       NameMultiTasker
 1131:0656       @
 1131:06A4       GetOS
 1131:08F6       ChangeTQ
 1131:09DD       ReleaseTQ
 1131:0ADB       ChangeOSword
 1131:0B92       GetVirtualScreen
 1131:0C05       MSound
 1131:0CA1       DoDelay
 1131:0DB9       EndNTService
 1131:0DD8       GetCPUxID
 121C:0023       TextSeek
 121C:0110       TextPos
 121C:01BD       ExistFile
 121C:0248       @
 1242:0000       HexB
 1242:0037       HexW
 1242:0097       HexL
 1242:00CD       HexPtr
 1242:010D       Str2Int
 1242:0173       Str2Word
 1242:01D9       Str2Long
 1242:0249       Long2Str
 1242:027A       Real2Str
 1242:02B8       CharStr
 1242:02FE       PadCh
 1242:039D       Pad
 1242:03DF       LeftPadCh
 1242:0486       LeftPad
 1242:04C8       TrimLead
 1242:0544       TrimTrail
 1242:05A1       Trim
 1242:0648       CenterCh
 1242:06E7       Center
 1242:0729       WordCount
 1242:07DF       ExtractWord
 1242:0974       ForceExtension
 1242:0A18       JustExtension
 1242:0A79       JustFilename
 1242:0AEE       JustPathname
 1242:0C02       AddBackSlash
 1242:0D28       CleanPathName
 1242:0E8D       FullPathName
 1242:0FEA       UpCasePrim
 1242:1015       Upcase
 1242:1042       LoCasePrim
 1242:106D       LoCase
 1242:1099       StUpcase
 1242:109E       StLocase
 1242:10A3       CompString
 1242:10D8       CompUCString
 1242:1120       CompStruct
 1242:1144       CompWordStruct
 1242:126A       Soundex
 1242:12BC       MakeLetterSet
 1242:1300       CompareLetterSets
 1242:1349       Search
 1242:138B       SearchUC
 1382:01CD       OvrInitXMS
 13A7:0000       @
 13A9:00F5       DisposeWindow
 13A9:02A9       MakeWindow
 13A9:0665       SaveShadowFrame
 13A9:0732       DrawShadowFrame
 13A9:086E       RestoreShadowFrame
 13A9:0931       DisplayWindow
 13A9:0B54       EraseTopWindow
 13A9:0D22       WindowIsActive
 13A9:14A5       SetTopWindow
 13A9:1815       KillWindow
 13A9:188A       @
 13AD:004E       NormalCursor
 13AD:0081       HiddenCursor
 13AD:008E       GetCursorState
 13AD:00A9       RestoreCursorState
 13AD:00C8       SaveWindow
 13AD:01A9       RestoreWindow
 13AD:0269       SetFrameChars
 13AD:0294       FrameWindow
 13AD:0440       MapColor
 13AD:04FC       StoreWindowCoordinates
 13AD:052A       RestoreWindowCoordinates
 13AD:0545       HercPresent
 13AD:05BC       SwitchInColorCard
 13AD:05D3       SetBlink
 13AD:0656       @
 13AD:08A7       ReadKey
 13AD:0F75       AssignCrt
 13AD:0FAC       ReInitCrt
 13AD:1062       LowVideo
 13AD:1068       HighVideo
 13AD:106E       NormVideo
 13AD:1075       TextColor
 13AD:1092       TextBackground
 13AD:10AD       KeyPressed
 13AD:10BF       ReadKeyWord
 13AD:10CC       GoToXY
 13AD:10FB       GotoXYAbs
 13AD:110F       WhereX
 13AD:111D       WhereY
 13AD:112B       Font8x8Selected
 13AD:113D       SelectFont8x8
 13AD:119D       GetCrtMode
 13AD:11A3       TextMode
 13AD:11DE       Window
 13AD:121C       ClrScr
 13AD:1238       Delay
 13AD:127A       FastWriteWindow
 13AD:12A3       FastWrite
 13AD:12EF       ReadAttributeWindow
 13AD:12F4       FastReadWindow
 13AD:1312       ReadAttribute
 13AD:1317       FastRead
 13AD:1368       ChangeAttributeWindow
 13AD:1391       ChangeAttribute
 13AD:13D7       MoveScreen
 13AD:144D       WriteAttributeWindow
 13AD:1452       FastTextWindow
 13AD:1470       WriteAttribute
 13AD:1475       FastText
 13AD:14C2       FastFillWindow
 13AD:14EB       FastFill
 13AD:1534       FastCenter
 13AD:1560       FastFlush
 13AD:1584       FastVertWindow
 13AD:15AD       FastVert
 13AD:1606       SetCursorSize
 13AD:1619       CursorTypeSL
 13AD:161D       CursorStartLine
 13AD:1625       CursorEndLine
 13AD:162B       WhereXAbs
 13AD:1635       WhereYAbs
 13AD:163F       WhereXY
 13AD:1649       KbdFlags
 13AD:1650       CheckKbd
 13AD:1667       Sound
 13AD:1694       NoSound
 13AD:169B       SetVisiblePage
 13AD:16AD       ClrEol
 13AD:16DA       InsLine
 13AD:16E1       DelLine
 13AD:1711       ScrollWindowUp
 13AD:171A       ScrollWindowDown
 13AD:1723       ReadCharAtCursor
 13AD:1727       ReadAttrAtCursor
 13AD:172D       FlexWriteWindow
 13AD:1747       FlexWrite
 152B:001D       GetMemCheck
 152B:0070       FreeMemCheck
 1535:0000       GetDate
 1535:0024       SetDate
 1535:0038       GetTime
 1535:0060       SetTime
 1535:0078       GetCBreak
 1535:008C       SetCBreak
 1535:009C       DiskFree
 1535:00B8       DiskSize
 1535:00D4       GetFAttr
 1535:00F8       SetFAttr
 1535:0118       GetFTime
 1535:0140       SetFTime
 1535:0160       FindFirst
 1535:019E       FindNext
 1535:01E0       UnpackTime
 1535:0224       PackTime
 1535:025C       GetIntVec
 1535:0274       SetIntVec
 1535:0288       GetEnv
 1535:02F8       MsDos
 1535:0303       Intr
 156B:0000       HexByte
 156B:004C       HexWord
 156B:0081       HexLong
 156B:00B4       LowHex
 156B:012A       LowHexByte
 156B:0176       LowHexWord
 156B:01AB       LowHexLong
 156B:01DE       UpdCrc
 156B:0210       UpdC16
 156B:023B       UpdC32
 156B:0288       strCRC32
 156B:0350       CRCBlock
 156B:039C       CRC16Block
 156B:03EE       CRC32Block
 156B:0455       TakeFirstLong
 156B:0522       TakeFirstHex
 15D1:001F       @
 15D9:0012       OvrInit
 15D9:01A3       OvrSetBuf
 15D9:01F2       OvrGetBuf
 15D9:01FD       OvrSetRetry
 15D9:020E       OvrGetRetry
 15D9:0215       OvrClearBuf
 15D9:0567       OvrInitEMS
 1829:0002       LiveByte
 1829:0004       LiveArray
 1829:0014       TimeFlag
 1829:0015       LampFlag
 1829:0016       HeartMode
 1829:0017       HeartIcon
 1829:0018       Font
 1829:0118       Font1
 1829:02DA       aDE_SIGN
 1829:02E4       hAutoStart
 1829:02EC       Tracechar
 1829:02ED       Tracebord
 1829:02EE       TraceSend
 1829:02EF       TraceRecv
 1829:02F0       TraceCount
 1829:02F2       LogLastLn
 1829:02F3       CanLog
 1829:02F4       FullLog
 1829:02F6       ModWinTout
 1829:02FA       BusyCount
 1829:0332       CheckSN
 1829:0333       KeyPresent
 1829:0334       S1
 1829:0374       S2
 1829:03B4       S3
 1829:03F4       S4
 1829:0434       S5
 1829:0474       S6
 1829:04B4       S7
 1829:04F4       S8
 1829:0534       ProcClass_Key
 1829:0536       ProcClass_Rcvd
 1829:0538       ProcClass_xMail
 1829:053A       ProcessInfo
 1829:05E4       OS2Title
 1829:064A       keyWord
 1829:0706       CursorX
 1829:0707       CursorY
 1829:0708       DoorWayMode
 1829:0709       KbdMapMode
 1829:070A       LogingMode
 1829:070C       LS
 1829:080C       ZMO_Mode
 1829:080D       WaitZFin
 1829:080E       CurChngBlk
 1829:0810       Tracechar
 1829:0811       Tracebord
 1829:0812       TraceSend
 1829:0813       TraceRecv
 1829:0814       TraceCount
 1829:082A       TabShow
 1829:082E       ZMod_Type
 1829:084A       Fax_Type
 1829:089A       PaneCmdKey
 1829:08BC       graypane
 1829:08BD       NameSorting
 1829:09EE       Sound_Of
 1829:09FE       AllSounds
 1829:0B4E       MsgDebugMode
 1829:0B5E       sOddQuotes
 1829:0B6A       NumTokens
 1829:0B6B       AtRunTime
 1829:0B6C       OSid
 1829:0B96       aSection
 1829:0BC2       CfgWord
 1829:108A       SectionInterval
 1829:10A0       DefaultSfMColors
 1829:114C       BroadCastHead
 1829:1152       SubstListPtr
 1829:1156       SubstListFtime
 1829:11C2       NodeStatus
 1829:11CC       sNodeStatus
 1829:120C       sNodeFlag
 1829:12D0       NodeFlag
 1829:1340       SA
 1829:135E       _32_table
 1829:137E       tmpSt
 1829:147E       ArcMailInStorage
 1829:1480       EventManVer
 1829:1484       RouteSavName
 1829:148C       QueueSavName
 1829:1494       EventSavName
 1829:149C       HIPsavName
 1829:14A4       sRouteRule
 1829:151A       sEventRule
 1829:155A       PickHead
 1829:155E       PickTail
 1829:1562       PickItems
 1829:1564       HistoryFname
 1829:157C       emPID
 1829:1592       emVID
 1829:159C       emCID
 1829:15BA       SStatus
 1829:15BC       NA_Lamp
 1829:15C2       NF_Lamp
 1829:15C8       Mail4us_Lamp
 1829:15D2       FA_Lamp
 1829:15DC       DetectExit
 1829:15DE       CanRestore
 1829:15E4       LastSaver
 1829:15E6       SSDigits
 1829:1618       ChangeTime
 1829:1619       NullTime
 1829:161A       MapFname
 1829:1622       AddrMacro
 1829:1646       ascKludge
 1829:166A       sKludge
 1829:1692       bMsgFlag
 1829:16B0       sMsgFlag
 1829:16FC       outNormalMail
 1829:1702       outHoldMail
 1829:1708       outNormalAttach
 1829:170E       outHoldAttach
 1829:1714       outFReq
 1829:171A       outHoldFReq
 1829:1720       ArcMailXt
 1829:1736       binXt
 1829:173A       savXt
 1829:173E       sntXt
 1829:1744       rvdXt
 1829:174A       srqXt
 1829:1750       faxXt
 1829:1756       nplXt
 1829:175E       MailBoxList
 1829:1762       RobotNameHead
 1829:1766       TotalSave
 1829:176A       sDOW
 1829:17B0       Months
 1829:1840       DefLngSign
 1829:185C       LngIdx
 1829:1860       LngIdxSiz
 1829:1862       LngArray
 1829:1866       LngArraySiz
 1829:1868       TimeCounter
 1829:186C       LetterValues
 1829:18B6       SerialNo
 1829:18C4       NoHydra
 1829:18D0       NoHydCount
 1829:18D1       CanHydra
 1829:18D2       SessionLines
 1829:18D4       LastConnect_Addr
 1829:18E8       LastConnect_Phone
 1829:1908       Connect_Speed
 1829:190C       Conn_Speed
 1829:1910       LastSess_State
 1829:1911       HardRing
 1829:1912       LastRNG
 1829:1916       HardDCD
 1829:1917       EMSI_DatFile
 1829:1918       ZModemSize
 1829:1919       ZModemSupp
 1829:191A       FileLogCount
 1829:191B       ScreenSave
 1829:191C       LampsAES
 1829:191D       TimeAES
 1829:191E       OldSampleTime
 1829:1922       ForceAnswerMode
 1829:1924       LastRing
 1829:1928       LastMRefresh
 1829:192A       AskRescan
 1829:192B       SlowSpeed
 1829:192C       InvalidSN
 1829:192E       BadPwdStr
 1829:1A2E       CrashMode
 1829:1A2F       CrashLine
 1829:1A30       CrashExit
 1829:1A31       TermMode
 1829:1A32       HydraMode
 1829:1A33       TraceMode
 1829:1A34       DontInc
 1829:1A35       IgnoreFreeSpace
 1829:1A36       Init30Mode
 1829:1A38       cfgVID
 1829:1A3C       Task
 1829:1A3E       Shadow
 1829:1A3F       ShadowMode
 1829:1A40       ShadowAttr
 1829:1A41       Explode
 1829:1A42       ExplodeDelay
 1829:1A44       SoundFlagW
 1829:1A4E       DetectMultitasking
 1829:1A4F       BiosScroll
 1829:1A50       FrameChars
 1829:1A56       HeaderJstfy
 1829:1A58       MapColors
 1829:1A5A       DisplayOverride
 1829:1A5B       TextChar
 1829:1A5C       CrtCheck
 1829:1A5D       TpUnitsFlag
 1829:1A74       crctab
 1829:1C74       crc16tab
 1829:1E74       crc_32_tab
 1829:22A4       OvrResult
 1829:22A6       OvrEmsPages
 1829:22A8       OvrTrapCount
 1829:22AA       OvrLoadCount
 1829:22AC       OvrFileMode
 1829:22B4       OvrCodeList
 1829:22B6       OvrHeapSize
 1829:22B8       OvrDebugPtr
 1829:22BC       OvrHeapOrg
 1829:22BE       OvrHeapPtr
 1829:22C0       OvrHeapEnd
 1829:22C2       OvrLoadList
 1829:22C4       OvrDosHandle
 1829:22C6       OvrEmsHandle
 1829:22C8       HeapOrg
 1829:22CC       HeapPtr
 1829:22D0       HeapEnd
 1829:22D4       FreeList
 1829:22D8       FreeZero
 1829:22DC       HeapError
 1829:22E0       ExitProc
 1829:22E4       ExitCode
 1829:22E6       ErrorAddr
 1829:22EA       PrefixSeg
 1829:22EC       StackLimit
 1829:22EE       InOutRes
 1829:22F0       RandSeed
 1829:22F4       SelectorInc
 1829:22F6       Seg0040
 1829:22F8       SegA000
 1829:22FA       SegB000
 1829:22FC       SegB800
 1829:22FE       Test8086
 1829:22FF       Test8087
 1829:2300       FileMode
 1829:2304       CalledAddr
 1829:25C6       Use32CRC
 1829:25C8       RxFree
 1829:25CA       RxTotal
 1829:25CC       TxFree
 1829:25CE       TxTotal
 1829:25D0       RX
 1829:2742       TX
 1829:28B4       RxTmp
 1829:28BC       RxCur
 1829:28BE       TxCur
 1829:28C0       TxState
 1829:28C1       RxState
 1829:28C2       LastByte
 1829:28C4       TimeOut
 1829:28C6       TraceFile
 1829:2946       TraceBuffer
 1829:294A       TxOptions
 1829:294E       RxOptions
 1829:2952       RXOptStr
 1829:2966       CrcType
 1829:296A       TxGoodBytes
 1829:296C       TxGoodNeeded
 1829:296E       BrainTimer
 1829:2972       Originator
 1829:2973       HdxLink
 1829:2974       HSpeed
 1829:2978       SkippReq
 1829:2994       Statistic
 1829:2B2C       StatFile
 1829:2BAC       StatDate
 1829:2BB8       StatDateL
 1829:2BBC       keyDat
 1829:3554       xMailStrings
 1829:357C       TotalxMail
 1829:357E       FmaskStr
 1829:35FE       TotalFmask
 1829:3600       FmaskBits
 1829:3604       FlagStr
 1829:3684       TotalFlag
 1829:37CC       XTFile
 1829:38CC       SwapEnvID
 1829:38CE       Founded
 1829:38CF       ReceiveOk
 1829:68EC       Z_MakeCRC32
 1829:68ED       AskSkip
 1829:68EE       AskDelSkip
 1829:68F0       WorkFile
 1829:6970       TraceFile
 1829:6A24       receiveName
 1829:6B24       ReceiveSize
 1829:6B28       TransferTime
 1829:6B2C       FileAddition
 1829:6B36       TransferCheck
 1829:6B3A       TransferBlockSize
 1829:6B3C       TransferError
 1829:6B3E       TransferStart
 1829:6B42       TransferBytes
 1829:6B46       TransferBeginTime
 1829:6B4A       Total_Time
 1829:6B4E       Transfer_CPS
 1829:6B52       Transfer_CPSpc
 1829:6B54       Session_CPS
 1829:6B58       SendByte
 1829:6B5C       ReceiveByte
 1829:6B60       ReceivingFile
 1829:6B62       OldName
 1829:6BB2       NewName
 1829:6C02       Session_Type
 1829:6C04       InBound_Path
 1829:6C54       LogFaxSpeed
 1829:6C56       DrawTime
 1829:6C57       LenSizes
 1829:6C68       DrawProc
 1829:6C6C       PickExit
 1829:6C6E       PickCode
 1829:6C70       pnStatus
 1829:6CEC       MsgScaned
 1829:70C8       BoxFileInfo
 1829:70F4       SortTRx
 1829:70F8       NodeIdxRec
 1829:7107       NdlStatus
 1829:7108       NodeIdxStruct
 1829:7316       NodeEntry
 1829:75F4       fIdx
 1829:7674       fNdl
 1829:7774       SessionControl
 1829:7778       RouteFtime
 1829:777C       EventFtime
 1829:7780       RouteHead
 1829:7784       RouteTail
 1829:7788       CurQue
 1829:778A       Que
 1829:7DCA       HIParray
 1829:840A       QueTmp
 1829:8430       HIPtmp
 1829:844C       PktCreated
 1829:844E       RepackForAddr
 1829:8468       EventListPtr
 1829:846C       EventListEnd
 1829:8470       CurEventPtr
 1829:8474       EventStr
 1829:8574       bink_ScanCircle
 1829:8576       RLsize
 1829:857A       QLsize
 1829:857E       ELsize
 1829:8582       VirtualCD
 1829:8584       OldInt9Vec
 1829:8588       LastKeyPressed
 1829:858C       IfKeyPress
 1829:858E       ClockX
 1829:858F       ClockY
 1829:8596       OldTime
 1829:8598       BegH
 1829:859A       BegM
 1829:859C       BegS
 1829:859E       RemotDate
 1829:859E       ReMotLong
 1829:85AA       MainAddress
 1829:85B2       dZ
 1829:85B8       dN
 1829:85BE       dF
 1829:85C4       dP
 1829:85CA       HugeBuf
 1829:85CE       MsgTrxBuf
 1829:85D2       MsgLnBuf
 1829:85D6       MsgFolderInfo
 1829:85E4       MsgHeader
 1829:86A6       MsgInfo
 1829:870A       msStatus
 1829:870C       PktHeader
 1829:8746       psStatus
 1829:8754       TempIORes
 1829:8756       RenNextName
 1829:87A6       sLibInfo
 1829:87C4       sPortParam
 1829:87D0       sChanelInfo
 1829:87E4       sFossInfo
 1829:87E4       sLLCLInfo
 1829:8820       pLibInfo
 1829:8824       ErrorCode
 1829:8826       pPortParam
 1829:882A       pChanelInfo
 1829:8892       mtOSVER
 1829:8894       mtVer
 1829:8896       sCPUXID
 1829:88BC       IoResultPtr
 1829:88F0       LogBuffer
 1829:88F4       ModBuffer
 1829:88F8       FileLogBuffer
 1829:88FC       SesBuffer
 1829:8900       LastSession
 1829:8910       LastStatus
 1829:8912       LastConnect
 1829:8946       LastTear
 1829:8950       LampsHandl
 1829:8954       TimeHandl
 1829:8958       DiskSpace
 1829:895C       ILColors
 1829:895E       WaitCarrierDef
 1829:8960       BeginTime
 1829:8964       RxPath
 1829:89B4       EndingSess
 1829:89B6       Log
 1829:8AB6       hours
 1829:8AB8       minuts
 1829:8ABA       seconds
 1829:8ABC       hund
 1829:8ABE       year
 1829:8AC0       month
 1829:8AC2       day
 1829:8AC4       dow
 1829:8AC6       Date_
 1829:8AD0       Time_
 1829:8ADA       ShortTime
 1829:8AE0       PScreen
 1829:8AE4       PWin
 1829:8AE8       Lamps
 1829:8AEA       ColorLamp
 1829:8AEC       EMSI_DAT_R
 1829:8AF0       Caller
 1829:8AF2       pSwap
 1829:8AF6       SaveBreak
 1829:8AF7       SaveDosBreak
 1829:8AF8       OldExitProc
 1829:8AFC       Receive
 1829:8AFE       pCfgRec
 1829:8B02       CfgFileName
 1829:8B52       CurDOW
 1829:8B54       CfgFtime
 1829:8B58       DefCallPeriod
 1829:8B5A       CurrentWindow
 1829:8B62       CheckBreak
 1829:8B63       CheckEOF
 1829:8B64       DirectVideo
 1829:8B65       CheckSnow
 1829:8B66       TextAttr
 1829:8B67       WindMin
 1829:8B69       WindMax
 1829:8B6B       CurrentMode
 1829:8B6B       LastMode
 1829:8B6D       CtrlBreakFlag
 1829:8B6E       CurrentPage
 1829:8B6F       ScreenWidth
 1829:8B6F       CurrentWidth
 1829:8B71       ScreenHeight
 1829:8B73       CurrentDisplay
 1829:8B74       EnhancedDisplay
 1829:8B75       WhichHerc
 1829:8B76       InTextMode
 1829:8B77       NormalAttr
 1829:8B78       VideoSegment
 1829:8B7A       BufLen
 1829:8B7C       MultiTaskingOn
 1829:8B7D       OneMS
 1829:8B7F       CurrentHeight
 1829:8B82       VirtualSegment
 1829:8B84       VirtualWidth
 1829:8B92       DosError
 1829:8B94       OvrReadBuf
 1829:8B9E       Input
 1829:8C9E       Output
 1829:8D9E       SaveInt00
 1829:8DA2       SaveInt02
 1829:8DA6       SaveInt1B
 1829:8DAA       SaveInt21
 1829:8DAE       SaveInt23
 1829:8DB2       SaveInt24
 1829:8DB6       SaveInt34
 1829:8DBA       SaveInt35
 1829:8DBE       SaveInt36
 1829:8DC2       SaveInt37
 1829:8DC6       SaveInt38
 1829:8DCA       SaveInt39
 1829:8DCE       SaveInt3A
 1829:8DD2       SaveInt3B
 1829:8DD6       SaveInt3C
 1829:8DDA       SaveInt3D
 1829:8DDE       SaveInt3E
 1829:8DE2       SaveInt3F
 1829:8DE6       SaveInt75

Program entry point at 0000:0000
