    Santa Fox Mail System 1.03 betta 113                  Address: 2:5030/103
ีออออออออออออออออออออออออออออออออออออออออออออออออออออออออออออออัอออออออออออออออธ
ณ Date: 15/01/95           Log Echo             Time: 13:53:29 ณ Modem Status: ณ
รฤฤฤฤฤฤฤฤฤฤฤฤฤฤฤฤฤฤฤฤฤฤฤฤฤฤฤฤฤฤฤฤฤฤฤฤฤฤฤฤฤฤฤฤฤฤฤฤฤฤฤฤฤฤฤฤฤฤฤฤฤฤลฤฤฤฤฤฤฤฤฤฤฤฤฤฤฤด
ณ13:53      Ray Gwinn's double aught buckshot driver, VX00  1.3ณ               ณ
ณ13:53      Revision: 5                                        ณ               ณ
ณ13:53      Maximum function: 34                               ณ               ณ
ณ13:53      Buffers: 4095/4095                                 ณ               ณ
ณ13:53  (þ) Runing under OS/2                                  ณ               ณ
ณ13:53      Change Time Quant to 10                            ณ               ณ
ณ13:53  ---                                                    ณ               ณ
ณ13:53   !  Route file doesn`t match time                      ณ      OK       ณ
ณ13:53  (-) Rereading D:\FIDO\SF-MAIL\Route.ctl                ณ      OK       ณ
ณ13:53  (-) Loading substlist: D:\FIDO\SF-MAIL\Subst.lst       ณ      OK       ณ
ณ13:53  (!) Crash Recovery, last exit was incorrect!           ณ     BUSY      ณ
รฤฤฤฤฤฤฤฤฤฤฤฤฤฤฤฤฤฤฤฤฤฤฤฤฤฤฤฤฤฤฤฤฤฤฤฤฤฤฤฤฤฤฤฤฤฤฤฤฤฤฤฤฤฤฤฤฤฤฤฤฤฤมฤฤฤฤฤฤฤฤฤฤฤฤฤฤฤด
ณOut 135:7000/1016.1000 15/01 22:03 00:12:35 1023k/1022k NA๙  115200 99999  (+)ณ
ณOut 135:7000/1016.1000 15/01 22:03 00:12:35 1023k/1022k NA๙  115200 99999  (+)ณ
ณOut 135:7000/1016.1000 15/01 22:03 00:12:35 1023k/1022k NA๙  115200 99999  (+)ณ
ณOut 135:7000/1016.1000 15/01 22:03 00:12:35 1023k/1022k NA๙  115200 99999  (+)ณ
ณOut 135:7000/1016.1000 15/01 22:03 00:12:35 1023k/1022k NA๙  115200 99999  (+)ณ
รฤฤฤฤฤฤฤฤฤฤฤฤฤฤฤฤฤฤฤฤฤฤฤฤฤฤฤฤฤฤฤฤฤฤฤฤฤฤฤฤฤฤฤฤฤฤฤฤฤฤฤฤฤฤฤฤฤฤฤฤฤฤยฤฤฤฤฤฤฤฤฤฤฤฤฤฤฤด
ณTask: 0   Last Call: Busy         Timing: 00:40   Mem: 440245 ณ     MAIL      ณ
ิออออออออออออออออออออออออออออออออออออออออออออออออออออออออออออออฯอออออออออออออออพ
              BRK SYN PRT OVR  TxD RxD DCD RNG  DSR CTS DTR RTS


 € Retry ฌฎฆญฎ ฏฅเฅญฅแโจ ข ซฎฃฎข๋ฉ ฆใเญ ซ ฌฅฉซฅเ .

