    Santa Fox Mail System 1.03 betta 113                  Address: 2:5030/103
ีออออออออออออออออออออออออออออออออออออออออออออออออออออออออออออออัอออออออออออออออธ
ณ Date: 15/01/95           Log Echo             Time: 13:53:29 ณ Modem Status: ณ
รฤฤฤฤฤฤฤฤฤฤฤฤฤฤฤฤฤฤฤฤฤฤฤฤฤฤฤฤฤฤฤฤฤฤฤฤฤฤฤฤฤฤฤฤฤฤฤฤฤฤฤฤฤฤฤฤฤฤฤฤฤฤลฤฤฤฤฤฤฤฤฤฤฤฤฤฤฤด
ณ13:53      Ray Gwinn's double aught buckshot driver, VX00  1.3ณ               ณ
ณ13:53      Revision: 5                                        ณ               ณ
ณ13:53      Maximum function: 34                               ณ               ณ
ณ13:53      Buffers: 4095/4095                                 ณ               ณ
ณ13:53  (þ) Runing under OS/2                                  ณ               ณ
ณ13:53      Change Time Quant to 10                            ณ               ณ
ณ13:53  ---                                                    ณ               ณ
ณ13:53   !  Route file doesn`t match time                      ณ      OK       ณ
ณ13:53  (-) Rereading D:\FIDO\SF-MAIL\Route.ctl                ณ      OK       ณ
ณ13:53  (-) Loading substlist: D:\FIDO\SF-MAIL\Subst.lst       ณ      OK       ณ
ณ13:53  (!) Crash Recovery, last exit was incorrect!           ณ     BUSY      ณ
รฤฤฤฤฤฤฤฤฤฤฤฤฤฤฤฤฤฤฤฤฤฤฤฤฤฤฤฤฤฤฤฤฤฤฤฤฤฤฤฤฤฤฤฤฤฤฤฤฤฤฤฤฤฤฤฤฤฤฤฤฤฤมฤฤฤฤฤฤฤฤฤฤฤฤฤฤฤด
ณ15-Jan-98 18:00 135:7000/1016.1000 In  115200 00:12:35 99999 1023k/1022k NA๙T๛ณ
ณ15-Jan-98 21:00 2:5030/142         Out  19200 00:15:39   723     0/256k  ๙A๙๙๚ณ
ณ15-Jan-98 22:00 2:5030/143         Out  16800 00:15:39  1635    17/113k  ๙AF๙๛ณ
ณ15-Jan-98 23:00 2:5030/172         Out  21600 00:15:39  2256    23/24k   ๙AF๙๛ณ
ณ16-Jan-98 02:00 2:5030/142         Out  14400 00:15:39   623     0/1.07M N๙๙๙๚ณ
รฤฤฤฤฤฤฤฤฤฤฤฤฤฤฤฤฤฤฤฤฤฤฤฤฤฤฤฤฤฤฤฤฤฤฤฤฤฤฤฤฤฤฤฤฤฤฤฤฤฤฤฤฤฤฤฤฤฤฤฤฤฤยฤฤฤฤฤฤฤฤฤฤฤฤฤฤฤด
ณTask: 0   Last Call: Busy         Timing: 00:40   Mem: 440245 ณ     MAIL      ณ
ิออออออออออออออออออออออออออออออออออออออออออออออออออออออออออออออฯอออออออออออออออพ
              BRK SYN PRT OVR  TxD RxD DCD RNG  DSR CTS DTR RTS      
                                                                     
                                                                     
 € Retry ฌฎฆญฎ ฏฅเฅญฅแโจ ข ซฎฃฎข๋ฉ ฆใเญ ซ ฌฅฉซฅเ .

