5x76x9

                              Santa Fox Mail system
                            version 1.04/release1231


                   Документация и программы пакета разработаны
                          и реализованы Santa Fox Team
                     в 1994-1996 гг., Ст.-Петербург, Россия.

                   (c) copyright by Santa Fox Team, 1994-1996.
                               All right reserved.



                                   Содержание



    x. О продукте .............................................
    x. О данном документе .....................................
    x. Системные требования ...................................
      x.y. Требования к аппаратуре ............................
      x.y. Требования к системному ПО .........................
    x. Терминология Sf-Mail
    x. Режимы работы ..........................................
      x.y. AMA ................................................
      x.y. Bink-style .........................................
      x.y. Sf-Mail mixed mode (tm) ............................
    x. Интерфейс пользователя .................................
      x.y. Рабочий экран Sf-Mail ..............................
      x.y. Горячие клавиши ....................................
    x. Настройка цветов .......................................
    x. Нодлист, лист подстановок .............................
      x.y. Форматы ноде-/поинт-листов .........................
      x.y. Построение индекса списка узлов ....................
      x.y. Лист подстановок (substitute list) .................
    x. Очередь ................................................
      x.y. Создание очереди ...................................
          x.y.z. Правила маршрутизации (Route.ctl) ............
          x.y.z. Расширенная маршрутизация ....................
          x.y.z. Файловые ящики ...............................
          x.y.z. Named polls (tm) .............................
          x.y.z. Атрибуты (флаги) узлов в очереди .............
      x.y. Управление очередью ................................
    x. Особенности работы под различными ОС ...................
      x.y. Microsoft Windows 3.1x .............................
      x.y. DesqView ...........................................
      x.y. IBM OS/2 ver 2.xx, ver 3.xx ........................
      x.y. TSX-32 Lite OS by S&H Technology ...................
      x.y. Microsoft Windows-95 ...............................
      x.y. Установка параметров Time_Quant и ReleaseTQ_Method
           в файле конфигурации Sf-Mail.cfg ...................
      x.y. Запуск внешних процессов ...........................
      x.y. Коды выхода, возвращаемые при запуске
           внешних процессов ..................................
      x.y. Файл управления процессами .........................
    x. Рабочий цикл Sf-Mail ...................................
      x.y. Запуск, параметры командной строки .................
      x.y. Коды завершения Sf-Mail (Errorlevels) ..............
    x. Обработка исходящих звонков ............................
      x.y. Порядок построения исходящей почтовой сессии .......
          x.y.z. Набор номера и ожидание соединения ...........
          x.y.z. Особенности прозвонки по Named Poll ..........
          x.y.z. Обработка EMSI ...............................
          x.y.z. Протоколы приема/передачи файлов .............
          x.y.z. Передача файлов ..............................
          x.y.z. Прием файлов .................................
          x.y.z. Пороговое значение CPS .......................
          x.y.z. Ограничение исходящей сессии по времени ......
    x. Процессы, выполняемые после почтовой сессии ............
    x. Обработка входящих звонков .............................
      x.y. Поднятие трубки и распознавание звонящего ..........
          x.y.z. Запуск BBS ...................................
          x.y.z. Запуск внешнего мэйлера ......................
          x.y.z. Активизация встроенного DoorWay ..............
      x.y. Входящая почтовая сессия ...........................
          x.y.z. Обработка EMSI ...............................
          x.y.z. Z-Modem сессия ...............................
          x.y.z. Прием и передача файлов ......................
          x.y.z. Ограничение входящей сессии по времени .......
    x. Обслуживание файловых запросов .........................
      x.y. Конфигурирование встроенного FReq Manager ..........
      x.y. Подключение внешнего Request Processor .............
    x. События (Events) .......................................
      x.y. Обработчик событий (Event Manager) .................
      x.y. Описание событий в Events.ctl ......................
    x. Дополнительные возможности .............................
      x.y. Встроенный Message Tracker .........................
      x.y. Именные почтовые ящики (Mail Boxes) ................
      x.y. Встроенный DoorWay .................................
      x.y. Встроенный FAX-Manager .............................
      x.y. Язык скриптов ......................................

    x. Использованные инструменты и библиотеки ................
    x. Использованные стандарты и документы ...................
    x. Благодарности ..........................................
    x. Торговые марки .........................................
    x. Epilogue ...............................................
    